2001:8b0:152b:b88:d053:37e3:af84:a29b - - [11/Oct/2025:21:33:33 +0100] "GET /stats?session_id=fa5e7272-ae52-4ce0-823b-d3b14fa73f12 HTTP/1.1" 200 243 "https://ubersdr.madpsy.uk/?freq=14185162&mode=usb&bwl=100&bwh=2700&zoom_freq=14180000&zoom_bw=50.0" "Mozilla/5.0 (X11; Ubuntu; Linux x86_64; rv:143.0) Gecko/20100101 Firefox/143.0" 0.036ms
2001:8b0:152b:b88:d053:37e3:af84:a29b - - [11/Oct/2025:21:33:43 +0100] "GET /stats?session_id=fa5e7272-ae52-4ce0-823b-d3b14fa73f12 HTTP/1.1" 200 243 "https://ubersdr.madpsy.uk/?freq=14185162&mode=usb&bwl=100&bwh=2700&zoom_freq=14180000&zoom_bw=50.0" "Mozilla/5.0 (X11; Ubuntu; Linux x86_64; rv:143.0) Gecko/20100101 Firefox/143.0" 0.032ms
2001:8b0:152b:b88:d053:37e3:af84:a29b - - [11/Oct/2025:21:33:53 +0100] "GET /stats?session_id=fa5e7272-ae52-4ce0-823b-d3b14fa73f12 HTTP/1.1" 200 243 "https://ubersdr.madpsy.uk/?freq=14185162&mode=usb&bwl=100&bwh=2700&zoom_freq=14180000&zoom_bw=50.0" "Mozilla/5.0 (X11; Ubuntu; Linux x86_64; rv:143.0) Gecko/20100101 Firefox/143.0" 0.035ms
2001:8b0:152b:b88:d053:37e3:af84:a29b - - [11/Oct/2025:21:34:03 +0100] "GET /stats?session_id=fa5e7272-ae52-4ce0-823b-d3b14fa73f12 HTTP/1.1" 200 243 "https://ubersdr.madpsy.uk/?freq=14185162&mode=usb&bwl=100&bwh=2700&zoom_freq=14180000&zoom_bw=50.0" "Mozilla/5.0 (X11; Ubuntu; Linux x86_64; rv:143.0) Gecko/20100101 Firefox/143.0" 0.218ms
2001:8b0:152b:b88:d053:37e3:af84:a29b - - [11/Oct/2025:21:34:13 +0100] "GET /stats?session_id=fa5e7272-ae52-4ce0-823b-d3b14fa73f12 HTTP/1.1" 200 243 "https://ubersdr.madpsy.uk/?freq=14185162&mode=usb&bwl=100&bwh=2700&zoom_freq=14180000&zoom_bw=50.0" "Mozilla/5.0 (X11; Ubuntu; Linux x86_64; rv:143.0) Gecko/20100101 Firefox/143.0" 0.033ms
2001:8b0:152b:b88:d053:37e3:af84:a29b - - [11/Oct/2025:21:34:23 +0100] "GET /stats?session_id=fa5e7272-ae52-4ce0-823b-d3b14fa73f12 HTTP/1.1" 200 243 "https://ubersdr.madpsy.uk/?freq=14185162&mode=usb&bwl=100&bwh=2700&zoom_freq=14180000&zoom_bw=50.0" "Mozilla/5.0 (X11; Ubuntu; Linux x86_64; rv:143.0) Gecko/20100101 Firefox/143.0" 0.038ms
2001:8b0:152b:b88:d053:37e3:af84:a29b - - [11/Oct/2025:21:34:33 +0100] "GET /stats?session_id=fa5e7272-ae52-4ce0-823b-d3b14fa73f12 HTTP/1.1" 200 243 "https://ubersdr.madpsy.uk/?freq=14185162&mode=usb&bwl=100&bwh=2700&zoom_freq=14180000&zoom_bw=50.0" "Mozilla/5.0 (X11; Ubuntu; Linux x86_64; rv:143.0) Gecko/20100101 Firefox/143.0" 0.044ms
2001:8b0:152b:b88:d053:37e3:af84:a29b - - [11/Oct/2025:21:34:43 +0100] "GET /stats?session_id=fa5e7272-ae52-4ce0-823b-d3b14fa73f12 HTTP/1.1" 200 243 "https://ubersdr.madpsy.uk/?freq=14185162&mode=usb&bwl=100&bwh=2700&zoom_freq=14180000&zoom_bw=50.0" "Mozilla/5.0 (X11; Ubuntu; Linux x86_64; rv:143.0) Gecko/20100101 Firefox/143.0" 0.034ms
2001:8b0:152b:b88:d053:37e3:af84:a29b - - [11/Oct/2025:21:34:53 +0100] "GET /stats?session_id=fa5e7272-ae52-4ce0-823b-d3b14fa73f12 HTTP/1.1" 200 243 "https://ubersdr.madpsy.uk/?freq=14185162&mode=usb&bwl=100&bwh=2700&zoom_freq=14180000&zoom_bw=50.0" "Mozilla/5.0 (X11; Ubuntu; Linux x86_64; rv:143.0) Gecko/20100101 Firefox/143.0" 0.249ms
2001:8b0:152b:b88:d053:37e3:af84:a29b - - [11/Oct/2025:21:35:03 +0100] "GET /stats?session_id=fa5e7272-ae52-4ce0-823b-d3b14fa73f12 HTTP/1.1" 200 243 "https://ubersdr.madpsy.uk/?freq=14185162&mode=usb&bwl=100&bwh=2700&zoom_freq=14180000&zoom_bw=50.0" "Mozilla/5.0 (X11; Ubuntu; Linux x86_64; rv:143.0) Gecko/20100101 Firefox/143.0" 0.035ms
2001:8b0:152b:b88:d053:37e3:af84:a29b - - [11/Oct/2025:21:35:13 +0100] "GET /stats?session_id=fa5e7272-ae52-4ce0-823b-d3b14fa73f12 HTTP/1.1" 200 243 "https://ubersdr.madpsy.uk/?freq=14185162&mode=usb&bwl=100&bwh=2700&zoom_freq=14180000&zoom_bw=50.0" "Mozilla/5.0 (X11; Ubuntu; Linux x86_64; rv:143.0) Gecko/20100101 Firefox/143.0" 0.037ms
2001:8b0:152b:b88:d053:37e3:af84:a29b - - [11/Oct/2025:21:35:23 +0100] "GET /stats?session_id=fa5e7272-ae52-4ce0-823b-d3b14fa73f12 HTTP/1.1" 200 243 "https://ubersdr.madpsy.uk/?freq=14185162&mode=usb&bwl=100&bwh=2700&zoom_freq=14180000&zoom_bw=50.0" "Mozilla/5.0 (X11; Ubuntu; Linux x86_64; rv:143.0) Gecko/20100101 Firefox/143.0" 0.049ms
2001:8b0:152b:b88:d053:37e3:af84:a29b - - [11/Oct/2025:21:35:33 +0100] "GET /stats?session_id=fa5e7272-ae52-4ce0-823b-d3b14fa73f12 HTTP/1.1" 200 243 "https://ubersdr.madpsy.uk/?freq=14185162&mode=usb&bwl=100&bwh=2700&zoom_freq=14180000&zoom_bw=50.0" "Mozilla/5.0 (X11; Ubuntu; Linux x86_64; rv:143.0) Gecko/20100101 Firefox/143.0" 0.036ms
2001:8b0:152b:b88:d053:37e3:af84:a29b - - [11/Oct/2025:21:35:43 +0100] "GET /stats?session_id=fa5e7272-ae52-4ce0-823b-d3b14fa73f12 HTTP/1.1" 200 243 "https://ubersdr.madpsy.uk/?freq=14185162&mode=usb&bwl=100&bwh=2700&zoom_freq=14180000&zoom_bw=50.0" "Mozilla/5.0 (X11; Ubuntu; Linux x86_64; rv:143.0) Gecko/20100101 Firefox/143.0" 0.053ms
2001:8b0:152b:b88:d053:37e3:af84:a29b - - [11/Oct/2025:21:35:53 +0100] "GET /stats?session_id=fa5e7272-ae52-4ce0-823b-d3b14fa73f12 HTTP/1.1" 200 243 "https://ubersdr.madpsy.uk/?freq=14185162&mode=usb&bwl=100&bwh=2700&zoom_freq=14180000&zoom_bw=50.0" "Mozilla/5.0 (X11; Ubuntu; Linux x86_64; rv:143.0) Gecko/20100101 Firefox/143.0" 0.043ms
2001:8b0:152b:b88:d053:37e3:af84:a29b - - [11/Oct/2025:21:36:03 +0100] "GET /stats?session_id=fa5e7272-ae52-4ce0-823b-d3b14fa73f12 HTTP/1.1" 200 243 "https://ubersdr.madpsy.uk/?freq=14185162&mode=usb&bwl=100&bwh=2700&zoom_freq=14180000&zoom_bw=50.0" "Mozilla/5.0 (X11; Ubuntu; Linux x86_64; rv:143.0) Gecko/20100101 Firefox/143.0" 0.033ms
2001:8b0:152b:b88:d053:37e3:af84:a29b - - [11/Oct/2025:21:36:13 +0100] "GET /stats?session_id=fa5e7272-ae52-4ce0-823b-d3b14fa73f12 HTTP/1.1" 200 243 "https://ubersdr.madpsy.uk/?freq=14185162&mode=usb&bwl=100&bwh=2700&zoom_freq=14180000&zoom_bw=50.0" "Mozilla/5.0 (X11; Ubuntu; Linux x86_64; rv:143.0) Gecko/20100101 Firefox/143.0" 0.059ms
2001:8b0:152b:b88:d053:37e3:af84:a29b - - [11/Oct/2025:21:36:23 +0100] "GET /stats?session_id=fa5e7272-ae52-4ce0-823b-d3b14fa73f12 HTTP/1.1" 200 243 "https://ubersdr.madpsy.uk/?freq=14185162&mode=usb&bwl=100&bwh=2700&zoom_freq=14180000&zoom_bw=50.0" "Mozilla/5.0 (X11; Ubuntu; Linux x86_64; rv:143.0) Gecko/20100101 Firefox/143.0" 0.041ms
2001:8b0:152b:b88:d053:37e3:af84:a29b - - [11/Oct/2025:21:36:33 +0100] "GET /stats?session_id=fa5e7272-ae52-4ce0-823b-d3b14fa73f12 HTTP/1.1" 200 243 "https://ubersdr.madpsy.uk/?freq=14185162&mode=usb&bwl=100&bwh=2700&zoom_freq=14180000&zoom_bw=50.0" "Mozilla/5.0 (X11; Ubuntu; Linux x86_64; rv:143.0) Gecko/20100101 Firefox/143.0" 0.289ms
2001:8b0:152b:b88:d053:37e3:af84:a29b - - [11/Oct/2025:21:36:43 +0100] "GET /stats?session_id=fa5e7272-ae52-4ce0-823b-d3b14fa73f12 HTTP/1.1" 200 243 "https://ubersdr.madpsy.uk/?freq=14185162&mode=usb&bwl=100&bwh=2700&zoom_freq=14180000&zoom_bw=50.0" "Mozilla/5.0 (X11; Ubuntu; Linux x86_64; rv:143.0) Gecko/20100101 Firefox/143.0" 0.061ms
2001:8b0:152b:b88:d053:37e3:af84:a29b - - [11/Oct/2025:21:36:53 +0100] "GET /stats?session_id=fa5e7272-ae52-4ce0-823b-d3b14fa73f12 HTTP/1.1" 200 243 "https://ubersdr.madpsy.uk/?freq=14185162&mode=usb&bwl=100&bwh=2700&zoom_freq=14180000&zoom_bw=50.0" "Mozilla/5.0 (X11; Ubuntu; Linux x86_64; rv:143.0) Gecko/20100101 Firefox/143.0" 0.033ms
2001:8b0:152b:b88:d053:37e3:af84:a29b - - [11/Oct/2025:21:37:03 +0100] "GET /stats?session_id=fa5e7272-ae52-4ce0-823b-d3b14fa73f12 HTTP/1.1" 200 243 "https://ubersdr.madpsy.uk/?freq=14185162&mode=usb&bwl=100&bwh=2700&zoom_freq=14180000&zoom_bw=50.0" "Mozilla/5.0 (X11; Ubuntu; Linux x86_64; rv:143.0) Gecko/20100101 Firefox/143.0" 0.037ms
2001:8b0:152b:b88:d053:37e3:af84:a29b - - [11/Oct/2025:21:37:13 +0100] "GET /stats?session_id=fa5e7272-ae52-4ce0-823b-d3b14fa73f12 HTTP/1.1" 200 243 "https://ubersdr.madpsy.uk/?freq=14185162&mode=usb&bwl=100&bwh=2700&zoom_freq=14180000&zoom_bw=50.0" "Mozilla/5.0 (X11; Ubuntu; Linux x86_64; rv:143.0) Gecko/20100101 Firefox/143.0" 0.052ms
2001:8b0:152b:b88:d053:37e3:af84:a29b - - [11/Oct/2025:21:37:23 +0100] "GET /stats?session_id=fa5e7272-ae52-4ce0-823b-d3b14fa73f12 HTTP/1.1" 200 243 "https://ubersdr.madpsy.uk/?freq=14185162&mode=usb&bwl=100&bwh=2700&zoom_freq=14180000&zoom_bw=50.0" "Mozilla/5.0 (X11; Ubuntu; Linux x86_64; rv:143.0) Gecko/20100101 Firefox/143.0" 0.041ms
2001:8b0:152b:b88:d053:37e3:af84:a29b - - [11/Oct/2025:21:37:33 +0100] "GET /stats?session_id=fa5e7272-ae52-4ce0-823b-d3b14fa73f12 HTTP/1.1" 200 243 "https://ubersdr.madpsy.uk/?freq=14185162&mode=usb&bwl=100&bwh=2700&zoom_freq=14180000&zoom_bw=50.0" "Mozilla/5.0 (X11; Ubuntu; Linux x86_64; rv:143.0) Gecko/20100101 Firefox/143.0" 0.045ms
2001:8b0:152b:b88:d053:37e3:af84:a29b - - [11/Oct/2025:21:37:43 +0100] "GET /stats?session_id=fa5e7272-ae52-4ce0-823b-d3b14fa73f12 HTTP/1.1" 200 243 "https://ubersdr.madpsy.uk/?freq=14185162&mode=usb&bwl=100&bwh=2700&zoom_freq=14180000&zoom_bw=50.0" "Mozilla/5.0 (X11; Ubuntu; Linux x86_64; rv:143.0) Gecko/20100101 Firefox/143.0" 0.034ms
2001:8b0:152b:b88:d053:37e3:af84:a29b - - [11/Oct/2025:21:37:53 +0100] "GET /stats?session_id=fa5e7272-ae52-4ce0-823b-d3b14fa73f12 HTTP/1.1" 200 243 "https://ubersdr.madpsy.uk/?freq=14185162&mode=usb&bwl=100&bwh=2700&zoom_freq=14180000&zoom_bw=50.0" "Mozilla/5.0 (X11; Ubuntu; Linux x86_64; rv:143.0) Gecko/20100101 Firefox/143.0" 0.035ms
2001:8b0:152b:b88:d053:37e3:af84:a29b - - [11/Oct/2025:21:38:03 +0100] "GET /stats?session_id=fa5e7272-ae52-4ce0-823b-d3b14fa73f12 HTTP/1.1" 200 243 "https://ubersdr.madpsy.uk/?freq=14185162&mode=usb&bwl=100&bwh=2700&zoom_freq=14180000&zoom_bw=50.0" "Mozilla/5.0 (X11; Ubuntu; Linux x86_64; rv:143.0) Gecko/20100101 Firefox/143.0" 0.054ms
2001:8b0:152b:b88:d053:37e3:af84:a29b - - [11/Oct/2025:21:38:13 +0100] "GET /stats?session_id=fa5e7272-ae52-4ce0-823b-d3b14fa73f12 HTTP/1.1" 200 243 "https://ubersdr.madpsy.uk/?freq=14185162&mode=usb&bwl=100&bwh=2700&zoom_freq=14180000&zoom_bw=50.0" "Mozilla/5.0 (X11; Ubuntu; Linux x86_64; rv:143.0) Gecko/20100101 Firefox/143.0" 0.046ms
2001:8b0:152b:b88:d053:37e3:af84:a29b - - [11/Oct/2025:21:38:23 +0100] "GET /stats?session_id=fa5e7272-ae52-4ce0-823b-d3b14fa73f12 HTTP/1.1" 200 243 "https://ubersdr.madpsy.uk/?freq=14185162&mode=usb&bwl=100&bwh=2700&zoom_freq=14180000&zoom_bw=50.0" "Mozilla/5.0 (X11; Ubuntu; Linux x86_64; rv:143.0) Gecko/20100101 Firefox/143.0" 0.044ms
2001:8b0:152b:b88:d053:37e3:af84:a29b - - [11/Oct/2025:21:38:33 +0100] "GET /stats?session_id=fa5e7272-ae52-4ce0-823b-d3b14fa73f12 HTTP/1.1" 200 243 "https://ubersdr.madpsy.uk/?freq=14185162&mode=usb&bwl=100&bwh=2700&zoom_freq=14180000&zoom_bw=50.0" "Mozilla/5.0 (X11; Ubuntu; Linux x86_64; rv:143.0) Gecko/20100101 Firefox/143.0" 0.045ms
2001:8b0:152b:b88:d053:37e3:af84:a29b - - [11/Oct/2025:21:38:43 +0100] "GET /stats?session_id=fa5e7272-ae52-4ce0-823b-d3b14fa73f12 HTTP/1.1" 200 243 "https://ubersdr.madpsy.uk/?freq=14185162&mode=usb&bwl=100&bwh=2700&zoom_freq=14180000&zoom_bw=50.0" "Mozilla/5.0 (X11; Ubuntu; Linux x86_64; rv:143.0) Gecko/20100101 Firefox/143.0" 0.034ms
2001:8b0:152b:b88:d053:37e3:af84:a29b - - [11/Oct/2025:21:38:53 +0100] "GET /stats?session_id=fa5e7272-ae52-4ce0-823b-d3b14fa73f12 HTTP/1.1" 200 243 "https://ubersdr.madpsy.uk/?freq=14185162&mode=usb&bwl=100&bwh=2700&zoom_freq=14180000&zoom_bw=50.0" "Mozilla/5.0 (X11; Ubuntu; Linux x86_64; rv:143.0) Gecko/20100101 Firefox/143.0" 0.047ms
2001:8b0:152b:b88:d053:37e3:af84:a29b - - [11/Oct/2025:21:39:03 +0100] "GET /stats?session_id=fa5e7272-ae52-4ce0-823b-d3b14fa73f12 HTTP/1.1" 200 243 "https://ubersdr.madpsy.uk/?freq=14185162&mode=usb&bwl=100&bwh=2700&zoom_freq=14180000&zoom_bw=50.0" "Mozilla/5.0 (X11; Ubuntu; Linux x86_64; rv:143.0) Gecko/20100101 Firefox/143.0" 0.057ms
2001:8b0:152b:b88:d053:37e3:af84:a29b - - [11/Oct/2025:21:39:13 +0100] "GET /stats?session_id=fa5e7272-ae52-4ce0-823b-d3b14fa73f12 HTTP/1.1" 200 243 "https://ubersdr.madpsy.uk/?freq=14185162&mode=usb&bwl=100&bwh=2700&zoom_freq=14180000&zoom_bw=50.0" "Mozilla/5.0 (X11; Ubuntu; Linux x86_64; rv:143.0) Gecko/20100101 Firefox/143.0" 0.237ms
2001:8b0:152b:b88:d053:37e3:af84:a29b - - [11/Oct/2025:21:39:23 +0100] "GET /stats?session_id=fa5e7272-ae52-4ce0-823b-d3b14fa73f12 HTTP/1.1" 200 243 "https://ubersdr.madpsy.uk/?freq=14185162&mode=usb&bwl=100&bwh=2700&zoom_freq=14180000&zoom_bw=50.0" "Mozilla/5.0 (X11; Ubuntu; Linux x86_64; rv:143.0) Gecko/20100101 Firefox/143.0" 0.047ms
2001:8b0:152b:b88:d053:37e3:af84:a29b - - [11/Oct/2025:21:39:33 +0100] "GET /stats?session_id=fa5e7272-ae52-4ce0-823b-d3b14fa73f12 HTTP/1.1" 200 243 "https://ubersdr.madpsy.uk/?freq=14185162&mode=usb&bwl=100&bwh=2700&zoom_freq=14180000&zoom_bw=50.0" "Mozilla/5.0 (X11; Ubuntu; Linux x86_64; rv:143.0) Gecko/20100101 Firefox/143.0" 0.053ms
2001:8b0:152b:b88:d053:37e3:af84:a29b - - [11/Oct/2025:21:39:43 +0100] "GET /stats?session_id=fa5e7272-ae52-4ce0-823b-d3b14fa73f12 HTTP/1.1" 200 243 "https://ubersdr.madpsy.uk/?freq=14185162&mode=usb&bwl=100&bwh=2700&zoom_freq=14180000&zoom_bw=50.0" "Mozilla/5.0 (X11; Ubuntu; Linux x86_64; rv:143.0) Gecko/20100101 Firefox/143.0" 0.046ms
2001:8b0:152b:b88:d053:37e3:af84:a29b - - [11/Oct/2025:21:39:53 +0100] "GET /stats?session_id=fa5e7272-ae52-4ce0-823b-d3b14fa73f12 HTTP/1.1" 200 243 "https://ubersdr.madpsy.uk/?freq=14185162&mode=usb&bwl=100&bwh=2700&zoom_freq=14180000&zoom_bw=50.0" "Mozilla/5.0 (X11; Ubuntu; Linux x86_64; rv:143.0) Gecko/20100101 Firefox/143.0" 0.082ms
2001:8b0:152b:b88:d053:37e3:af84:a29b - - [11/Oct/2025:21:40:03 +0100] "GET /stats?session_id=fa5e7272-ae52-4ce0-823b-d3b14fa73f12 HTTP/1.1" 200 243 "https://ubersdr.madpsy.uk/?freq=14185162&mode=usb&bwl=100&bwh=2700&zoom_freq=14180000&zoom_bw=50.0" "Mozilla/5.0 (X11; Ubuntu; Linux x86_64; rv:143.0) Gecko/20100101 Firefox/143.0" 0.039ms
2001:8b0:152b:b88:d053:37e3:af84:a29b - - [11/Oct/2025:21:40:13 +0100] "GET /stats?session_id=fa5e7272-ae52-4ce0-823b-d3b14fa73f12 HTTP/1.1" 200 243 "https://ubersdr.madpsy.uk/?freq=14185162&mode=usb&bwl=100&bwh=2700&zoom_freq=14180000&zoom_bw=50.0" "Mozilla/5.0 (X11; Ubuntu; Linux x86_64; rv:143.0) Gecko/20100101 Firefox/143.0" 0.036ms
2001:8b0:152b:b88:d053:37e3:af84:a29b - - [11/Oct/2025:21:40:23 +0100] "GET /stats?session_id=fa5e7272-ae52-4ce0-823b-d3b14fa73f12 HTTP/1.1" 200 243 "https://ubersdr.madpsy.uk/?freq=14185162&mode=usb&bwl=100&bwh=2700&zoom_freq=14180000&zoom_bw=50.0" "Mozilla/5.0 (X11; Ubuntu; Linux x86_64; rv:143.0) Gecko/20100101 Firefox/143.0" 0.047ms
2001:8b0:152b:b88:d053:37e3:af84:a29b - - [11/Oct/2025:21:40:33 +0100] "GET /stats?session_id=fa5e7272-ae52-4ce0-823b-d3b14fa73f12 HTTP/1.1" 200 243 "https://ubersdr.madpsy.uk/?freq=14185162&mode=usb&bwl=100&bwh=2700&zoom_freq=14180000&zoom_bw=50.0" "Mozilla/5.0 (X11; Ubuntu; Linux x86_64; rv:143.0) Gecko/20100101 Firefox/143.0" 0.055ms
2001:8b0:152b:b88:d053:37e3:af84:a29b - - [11/Oct/2025:21:40:43 +0100] "GET /stats?session_id=fa5e7272-ae52-4ce0-823b-d3b14fa73f12 HTTP/1.1" 200 243 "https://ubersdr.madpsy.uk/?freq=14185162&mode=usb&bwl=100&bwh=2700&zoom_freq=14180000&zoom_bw=50.0" "Mozilla/5.0 (X11; Ubuntu; Linux x86_64; rv:143.0) Gecko/20100101 Firefox/143.0" 0.047ms
2001:8b0:152b:b88:d053:37e3:af84:a29b - - [11/Oct/2025:21:40:53 +0100] "GET /stats?session_id=fa5e7272-ae52-4ce0-823b-d3b14fa73f12 HTTP/1.1" 200 243 "https://ubersdr.madpsy.uk/?freq=14185162&mode=usb&bwl=100&bwh=2700&zoom_freq=14180000&zoom_bw=50.0" "Mozilla/5.0 (X11; Ubuntu; Linux x86_64; rv:143.0) Gecko/20100101 Firefox/143.0" 0.338ms
2001:8b0:152b:b88:d053:37e3:af84:a29b - - [11/Oct/2025:21:41:03 +0100] "GET /stats?session_id=fa5e7272-ae52-4ce0-823b-d3b14fa73f12 HTTP/1.1" 200 243 "https://ubersdr.madpsy.uk/?freq=14185162&mode=usb&bwl=100&bwh=2700&zoom_freq=14180000&zoom_bw=50.0" "Mozilla/5.0 (X11; Ubuntu; Linux x86_64; rv:143.0) Gecko/20100101 Firefox/143.0" 0.047ms
2001:8b0:152b:b88:d053:37e3:af84:a29b - - [11/Oct/2025:21:41:13 +0100] "GET /stats?session_id=fa5e7272-ae52-4ce0-823b-d3b14fa73f12 HTTP/1.1" 200 243 "https://ubersdr.madpsy.uk/?freq=14185162&mode=usb&bwl=100&bwh=2700&zoom_freq=14180000&zoom_bw=50.0" "Mozilla/5.0 (X11; Ubuntu; Linux x86_64; rv:143.0) Gecko/20100101 Firefox/143.0" 0.047ms
2001:8b0:152b:b88:d053:37e3:af84:a29b - - [11/Oct/2025:21:41:23 +0100] "GET /stats?session_id=fa5e7272-ae52-4ce0-823b-d3b14fa73f12 HTTP/1.1" 200 242 "https://ubersdr.madpsy.uk/?freq=14185162&mode=usb&bwl=100&bwh=2700&zoom_freq=14180000&zoom_bw=50.0" "Mozilla/5.0 (X11; Ubuntu; Linux x86_64; rv:143.0) Gecko/20100101 Firefox/143.0" 0.047ms
2001:8b0:152b:b88:d053:37e3:af84:a29b - - [11/Oct/2025:21:41:33 +0100] "GET /stats?session_id=fa5e7272-ae52-4ce0-823b-d3b14fa73f12 HTTP/1.1" 200 242 "https://ubersdr.madpsy.uk/?freq=14185162&mode=usb&bwl=100&bwh=2700&zoom_freq=14180000&zoom_bw=50.0" "Mozilla/5.0 (X11; Ubuntu; Linux x86_64; rv:143.0) Gecko/20100101 Firefox/143.0" 0.046ms
2001:8b0:152b:b88:d053:37e3:af84:a29b - - [11/Oct/2025:21:41:43 +0100] "GET /stats?session_id=fa5e7272-ae52-4ce0-823b-d3b14fa73f12 HTTP/1.1" 200 242 "https://ubersdr.madpsy.uk/?freq=14185162&mode=usb&bwl=100&bwh=2700&zoom_freq=14180000&zoom_bw=50.0" "Mozilla/5.0 (X11; Ubuntu; Linux x86_64; rv:143.0) Gecko/20100101 Firefox/143.0" 0.033ms
2001:8b0:152b:b88:d053:37e3:af84:a29b - - [11/Oct/2025:21:41:53 +0100] "GET /stats?session_id=fa5e7272-ae52-4ce0-823b-d3b14fa73f12 HTTP/1.1" 200 243 "https://ubersdr.madpsy.uk/?freq=14185162&mode=usb&bwl=100&bwh=2700&zoom_freq=14180000&zoom_bw=50.0" "Mozilla/5.0 (X11; Ubuntu; Linux x86_64; rv:143.0) Gecko/20100101 Firefox/143.0" 0.047ms
2001:8b0:152b:b88:d053:37e3:af84:a29b - - [11/Oct/2025:21:42:03 +0100] "GET /stats?session_id=fa5e7272-ae52-4ce0-823b-d3b14fa73f12 HTTP/1.1" 200 243 "https://ubersdr.madpsy.uk/?freq=14185162&mode=usb&bwl=100&bwh=2700&zoom_freq=14180000&zoom_bw=50.0" "Mozilla/5.0 (X11; Ubuntu; Linux x86_64; rv:143.0) Gecko/20100101 Firefox/143.0" 0.038ms
2001:8b0:152b:b88:d053:37e3:af84:a29b - - [11/Oct/2025:21:42:13 +0100] "GET /stats?session_id=fa5e7272-ae52-4ce0-823b-d3b14fa73f12 HTTP/1.1" 200 243 "https://ubersdr.madpsy.uk/?freq=14185162&mode=usb&bwl=100&bwh=2700&zoom_freq=14180000&zoom_bw=50.0" "Mozilla/5.0 (X11; Ubuntu; Linux x86_64; rv:143.0) Gecko/20100101 Firefox/143.0" 0.036ms
2001:8b0:152b:b88:d053:37e3:af84:a29b - - [11/Oct/2025:21:42:23 +0100] "GET /stats?session_id=fa5e7272-ae52-4ce0-823b-d3b14fa73f12 HTTP/1.1" 200 243 "https://ubersdr.madpsy.uk/?freq=14185162&mode=usb&bwl=100&bwh=2700&zoom_freq=14180000&zoom_bw=50.0" "Mozilla/5.0 (X11; Ubuntu; Linux x86_64; rv:143.0) Gecko/20100101 Firefox/143.0" 0.073ms
2001:8b0:152b:b88:d053:37e3:af84:a29b - - [11/Oct/2025:21:42:33 +0100] "GET /stats?session_id=fa5e7272-ae52-4ce0-823b-d3b14fa73f12 HTTP/1.1" 200 243 "https://ubersdr.madpsy.uk/?freq=14185162&mode=usb&bwl=100&bwh=2700&zoom_freq=14180000&zoom_bw=50.0" "Mozilla/5.0 (X11; Ubuntu; Linux x86_64; rv:143.0) Gecko/20100101 Firefox/143.0" 0.031ms
2001:8b0:152b:b88:d053:37e3:af84:a29b - - [11/Oct/2025:21:42:43 +0100] "GET /stats?session_id=fa5e7272-ae52-4ce0-823b-d3b14fa73f12 HTTP/1.1" 200 243 "https://ubersdr.madpsy.uk/?freq=14185162&mode=usb&bwl=100&bwh=2700&zoom_freq=14180000&zoom_bw=50.0" "Mozilla/5.0 (X11; Ubuntu; Linux x86_64; rv:143.0) Gecko/20100101 Firefox/143.0" 0.046ms
2001:8b0:152b:b88:d053:37e3:af84:a29b - - [11/Oct/2025:21:42:53 +0100] "GET /stats?session_id=fa5e7272-ae52-4ce0-823b-d3b14fa73f12 HTTP/1.1" 200 243 "https://ubersdr.madpsy.uk/?freq=14185162&mode=usb&bwl=100&bwh=2700&zoom_freq=14180000&zoom_bw=50.0" "Mozilla/5.0 (X11; Ubuntu; Linux x86_64; rv:143.0) Gecko/20100101 Firefox/143.0" 0.039ms
2001:8b0:152b:b88:d053:37e3:af84:a29b - - [11/Oct/2025:21:43:03 +0100] "GET /stats?session_id=fa5e7272-ae52-4ce0-823b-d3b14fa73f12 HTTP/1.1" 200 243 "https://ubersdr.madpsy.uk/?freq=14185162&mode=usb&bwl=100&bwh=2700&zoom_freq=14180000&zoom_bw=50.0" "Mozilla/5.0 (X11; Ubuntu; Linux x86_64; rv:143.0) Gecko/20100101 Firefox/143.0" 0.061ms
2001:8b0:152b:b88:d053:37e3:af84:a29b - - [11/Oct/2025:21:43:13 +0100] "GET /stats?session_id=fa5e7272-ae52-4ce0-823b-d3b14fa73f12 HTTP/1.1" 200 243 "https://ubersdr.madpsy.uk/?freq=14185162&mode=usb&bwl=100&bwh=2700&zoom_freq=14180000&zoom_bw=50.0" "Mozilla/5.0 (X11; Ubuntu; Linux x86_64; rv:143.0) Gecko/20100101 Firefox/143.0" 0.125ms
2001:8b0:152b:b88:d053:37e3:af84:a29b - - [11/Oct/2025:21:43:23 +0100] "GET /stats?session_id=fa5e7272-ae52-4ce0-823b-d3b14fa73f12 HTTP/1.1" 200 242 "https://ubersdr.madpsy.uk/?freq=14185162&mode=usb&bwl=100&bwh=2700&zoom_freq=14180000&zoom_bw=50.0" "Mozilla/5.0 (X11; Ubuntu; Linux x86_64; rv:143.0) Gecko/20100101 Firefox/143.0" 0.213ms
2001:8b0:152b:b88:d053:37e3:af84:a29b - - [11/Oct/2025:21:43:33 +0100] "GET /stats?session_id=fa5e7272-ae52-4ce0-823b-d3b14fa73f12 HTTP/1.1" 200 242 "https://ubersdr.madpsy.uk/?freq=14185162&mode=usb&bwl=100&bwh=2700&zoom_freq=14180000&zoom_bw=50.0" "Mozilla/5.0 (X11; Ubuntu; Linux x86_64; rv:143.0) Gecko/20100101 Firefox/143.0" 0.038ms
2001:8b0:152b:b88:d053:37e3:af84:a29b - - [11/Oct/2025:21:43:43 +0100] "GET /stats?session_id=fa5e7272-ae52-4ce0-823b-d3b14fa73f12 HTTP/1.1" 200 242 "https://ubersdr.madpsy.uk/?freq=14185162&mode=usb&bwl=100&bwh=2700&zoom_freq=14180000&zoom_bw=50.0" "Mozilla/5.0 (X11; Ubuntu; Linux x86_64; rv:143.0) Gecko/20100101 Firefox/143.0" 0.046ms
2001:8b0:152b:b88:d053:37e3:af84:a29b - - [11/Oct/2025:21:43:53 +0100] "GET /stats?session_id=fa5e7272-ae52-4ce0-823b-d3b14fa73f12 HTTP/1.1" 200 243 "https://ubersdr.madpsy.uk/?freq=14185162&mode=usb&bwl=100&bwh=2700&zoom_freq=14180000&zoom_bw=50.0" "Mozilla/5.0 (X11; Ubuntu; Linux x86_64; rv:143.0) Gecko/20100101 Firefox/143.0" 0.065ms
2001:8b0:152b:b88:d053:37e3:af84:a29b - - [11/Oct/2025:21:44:03 +0100] "GET /stats?session_id=fa5e7272-ae52-4ce0-823b-d3b14fa73f12 HTTP/1.1" 200 243 "https://ubersdr.madpsy.uk/?freq=14185162&mode=usb&bwl=100&bwh=2700&zoom_freq=14180000&zoom_bw=50.0" "Mozilla/5.0 (X11; Ubuntu; Linux x86_64; rv:143.0) Gecko/20100101 Firefox/143.0" 0.044ms
2001:8b0:152b:b88:d053:37e3:af84:a29b - - [11/Oct/2025:21:44:13 +0100] "GET /stats?session_id=fa5e7272-ae52-4ce0-823b-d3b14fa73f12 HTTP/1.1" 200 243 "https://ubersdr.madpsy.uk/?freq=14185162&mode=usb&bwl=100&bwh=2700&zoom_freq=14180000&zoom_bw=50.0" "Mozilla/5.0 (X11; Ubuntu; Linux x86_64; rv:143.0) Gecko/20100101 Firefox/143.0" 0.036ms
2001:8b0:152b:b88:d053:37e3:af84:a29b - - [11/Oct/2025:21:44:23 +0100] "GET /stats?session_id=fa5e7272-ae52-4ce0-823b-d3b14fa73f12 HTTP/1.1" 200 243 "https://ubersdr.madpsy.uk/?freq=14185162&mode=usb&bwl=100&bwh=2700&zoom_freq=14180000&zoom_bw=50.0" "Mozilla/5.0 (X11; Ubuntu; Linux x86_64; rv:143.0) Gecko/20100101 Firefox/143.0" 0.052ms
2001:8b0:152b:b88:cb60:af1c:1a01:d16e - - [11/Oct/2025:21:44:23 +0100] "GET /?freq=7140000&mode=lsb&bwl=-2980&bwh=-200&zoom_freq=7140000&zoom_bw=100.0 HTTP/1.1" 200 42516 "-" "Mozilla/5.0 (Android 16; Mobile; rv:143.0) Gecko/143.0 Firefox/143.0" 0.238ms
2001:8b0:152b:b88:cb60:af1c:1a01:d16e - - [11/Oct/2025:21:44:24 +0100] "GET /style.css HTTP/1.1" 304 0 "https://ubersdr.madpsy.uk/?freq=7140000&mode=lsb&bwl=-2980&bwh=-200&zoom_freq=7140000&zoom_bw=100.0" "Mozilla/5.0 (Android 16; Mobile; rv:143.0) Gecko/143.0 Firefox/143.0" 0.071ms
2001:8b0:152b:b88:cb60:af1c:1a01:d16e - - [11/Oct/2025:21:44:24 +0100] "GET /app.js HTTP/1.1" 304 0 "https://ubersdr.madpsy.uk/?freq=7140000&mode=lsb&bwl=-2980&bwh=-200&zoom_freq=7140000&zoom_bw=100.0" "Mozilla/5.0 (Android 16; Mobile; rv:143.0) Gecko/143.0 Firefox/143.0" 0.076ms
2001:8b0:152b:b88:cb60:af1c:1a01:d16e - - [11/Oct/2025:21:44:24 +0100] "GET /idle-detector.js HTTP/1.1" 304 0 "https://ubersdr.madpsy.uk/?freq=7140000&mode=lsb&bwl=-2980&bwh=-200&zoom_freq=7140000&zoom_bw=100.0" "Mozilla/5.0 (Android 16; Mobile; rv:143.0) Gecko/143.0 Firefox/143.0" 0.082ms
2001:8b0:152b:b88:cb60:af1c:1a01:d16e - - [11/Oct/2025:21:44:24 +0100] "GET /recorder.js HTTP/1.1" 304 0 "https://ubersdr.madpsy.uk/?freq=7140000&mode=lsb&bwl=-2980&bwh=-200&zoom_freq=7140000&zoom_bw=100.0" "Mozilla/5.0 (Android 16; Mobile; rv:143.0) Gecko/143.0 Firefox/143.0" 0.098ms
2001:8b0:152b:b88:cb60:af1c:1a01:d16e - - [11/Oct/2025:21:44:24 +0100] "GET /spectrum-display.js HTTP/1.1" 304 0 "https://ubersdr.madpsy.uk/?freq=7140000&mode=lsb&bwl=-2980&bwh=-200&zoom_freq=7140000&zoom_bw=100.0" "Mozilla/5.0 (Android 16; Mobile; rv:143.0) Gecko/143.0 Firefox/143.0" 0.089ms
2001:8b0:152b:b88:cb60:af1c:1a01:d16e - - [11/Oct/2025:21:44:24 +0100] "GET /cw-decoder.js HTTP/1.1" 304 0 "https://ubersdr.madpsy.uk/?freq=7140000&mode=lsb&bwl=-2980&bwh=-200&zoom_freq=7140000&zoom_bw=100.0" "Mozilla/5.0 (Android 16; Mobile; rv:143.0) Gecko/143.0 Firefox/143.0" 0.084ms
2001:8b0:152b:b88:cb60:af1c:1a01:d16e - - [11/Oct/2025:21:44:24 +0100] "GET /nr2.js HTTP/1.1" 304 0 "https://ubersdr.madpsy.uk/?freq=7140000&mode=lsb&bwl=-2980&bwh=-200&zoom_freq=7140000&zoom_bw=100.0" "Mozilla/5.0 (Android 16; Mobile; rv:143.0) Gecko/143.0 Firefox/143.0" 0.077ms
2001:8b0:152b:b88:cb60:af1c:1a01:d16e - - [11/Oct/2025:21:44:24 +0100] "GET /fft.js HTTP/1.1" 304 0 "https://ubersdr.madpsy.uk/?freq=7140000&mode=lsb&bwl=-2980&bwh=-200&zoom_freq=7140000&zoom_bw=100.0" "Mozilla/5.0 (Android 16; Mobile; rv:143.0) Gecko/143.0 Firefox/143.0" 0.070ms
2001:8b0:152b:b88:cb60:af1c:1a01:d16e - - [11/Oct/2025:21:44:24 +0100] "GET /api/description HTTP/1.1" 200 133 "https://ubersdr.madpsy.uk/?freq=7140000&mode=lsb&bwl=-2980&bwh=-200&zoom_freq=7140000&zoom_bw=100.0" "Mozilla/5.0 (Android 16; Mobile; rv:143.0) Gecko/143.0 Firefox/143.0" 0.027ms
2001:8b0:152b:b88:cb60:af1c:1a01:d16e - - [11/Oct/2025:21:44:24 +0100] "GET /api/bookmarks HTTP/1.1" 200 1312 "https://ubersdr.madpsy.uk/?freq=7140000&mode=lsb&bwl=-2980&bwh=-200&zoom_freq=7140000&zoom_bw=100.0" "Mozilla/5.0 (Android 16; Mobile; rv:143.0) Gecko/143.0 Firefox/143.0" 0.060ms
2001:8b0:152b:b88:cb60:af1c:1a01:d16e - - [11/Oct/2025:21:44:25 +0100] "GET /?freq=7140000&mode=lsb&bwl=-2980&bwh=-200 HTTP/1.1" 200 42516 "-" "Mozilla/5.0 (Android 16; Mobile; rv:143.0) Gecko/143.0 Firefox/143.0" 0.354ms
2001:8b0:152b:b88:cb60:af1c:1a01:d16e - - [11/Oct/2025:21:44:25 +0100] "GET /api/description HTTP/1.1" 200 133 "https://ubersdr.madpsy.uk/?freq=7140000&mode=lsb&bwl=-2980&bwh=-200" "Mozilla/5.0 (Android 16; Mobile; rv:143.0) Gecko/143.0 Firefox/143.0" 0.024ms
2001:8b0:152b:b88:cb60:af1c:1a01:d16e - - [11/Oct/2025:21:44:25 +0100] "GET /api/bookmarks HTTP/1.1" 200 1312 "https://ubersdr.madpsy.uk/?freq=7140000&mode=lsb&bwl=-2980&bwh=-200" "Mozilla/5.0 (Android 16; Mobile; rv:143.0) Gecko/143.0 Firefox/143.0" 0.024ms
2001:8b0:152b:b88:cb60:af1c:1a01:d16e - - [11/Oct/2025:21:44:29 +0100] "GET /stats HTTP/1.1" 200 452 "https://ubersdr.madpsy.uk/?freq=7140000&mode=lsb&bwl=-2980&bwh=-200" "Mozilla/5.0 (Android 16; Mobile; rv:143.0) Gecko/143.0 Firefox/143.0" 0.059ms
2001:8b0:152b:b88:d053:37e3:af84:a29b - - [11/Oct/2025:21:44:33 +0100] "GET /stats?session_id=fa5e7272-ae52-4ce0-823b-d3b14fa73f12 HTTP/1.1" 200 452 "https://ubersdr.madpsy.uk/?freq=14185162&mode=usb&bwl=100&bwh=2700&zoom_freq=14180000&zoom_bw=50.0" "Mozilla/5.0 (X11; Ubuntu; Linux x86_64; rv:143.0) Gecko/20100101 Firefox/143.0" 0.064ms
2001:8b0:152b:b88:cb60:af1c:1a01:d16e - - [11/Oct/2025:21:44:39 +0100] "GET /stats?session_id=782ae58c-3cec-4ec3-b478-0d710d44855d HTTP/1.1" 200 452 "https://ubersdr.madpsy.uk/?freq=7140000&mode=lsb&bwl=-2980&bwh=-200" "Mozilla/5.0 (Android 16; Mobile; rv:143.0) Gecko/143.0 Firefox/143.0" 0.049ms
2001:8b0:152b:b88:d053:37e3:af84:a29b - - [11/Oct/2025:21:44:43 +0100] "GET /stats?session_id=fa5e7272-ae52-4ce0-823b-d3b14fa73f12 HTTP/1.1" 200 452 "https://ubersdr.madpsy.uk/?freq=14185162&mode=usb&bwl=100&bwh=2700&zoom_freq=14180000&zoom_bw=50.0" "Mozilla/5.0 (X11; Ubuntu; Linux x86_64; rv:143.0) Gecko/20100101 Firefox/143.0" 0.048ms
2001:8b0:152b:b88:cb60:af1c:1a01:d16e - - [11/Oct/2025:21:44:49 +0100] "GET /stats?session_id=782ae58c-3cec-4ec3-b478-0d710d44855d HTTP/1.1" 200 452 "https://ubersdr.madpsy.uk/?freq=7140000&mode=lsb&bwl=-2980&bwh=-200" "Mozilla/5.0 (Android 16; Mobile; rv:143.0) Gecko/143.0 Firefox/143.0" 0.056ms
2001:8b0:152b:b88:d053:37e3:af84:a29b - - [11/Oct/2025:21:44:53 +0100] "GET /stats?session_id=fa5e7272-ae52-4ce0-823b-d3b14fa73f12 HTTP/1.1" 200 452 "https://ubersdr.madpsy.uk/?freq=14185162&mode=usb&bwl=100&bwh=2700&zoom_freq=14180000&zoom_bw=50.0" "Mozilla/5.0 (X11; Ubuntu; Linux x86_64; rv:143.0) Gecko/20100101 Firefox/143.0" 0.047ms
2001:8b0:152b:b88:cb60:af1c:1a01:d16e - - [11/Oct/2025:21:44:59 +0100] "GET /stats?session_id=782ae58c-3cec-4ec3-b478-0d710d44855d HTTP/1.1" 200 452 "https://ubersdr.madpsy.uk/?freq=7140000&mode=lsb&bwl=-2980&bwh=-200" "Mozilla/5.0 (Android 16; Mobile; rv:143.0) Gecko/143.0 Firefox/143.0" 0.056ms
2001:8b0:152b:b88:d053:37e3:af84:a29b - - [11/Oct/2025:21:45:03 +0100] "GET /stats?session_id=fa5e7272-ae52-4ce0-823b-d3b14fa73f12 HTTP/1.1" 200 452 "https://ubersdr.madpsy.uk/?freq=14185162&mode=usb&bwl=100&bwh=2700&zoom_freq=14180000&zoom_bw=50.0" "Mozilla/5.0 (X11; Ubuntu; Linux x86_64; rv:143.0) Gecko/20100101 Firefox/143.0" 0.052ms
2001:8b0:152b:b88:d053:37e3:af84:a29b - - [11/Oct/2025:21:45:13 +0100] "GET /stats?session_id=fa5e7272-ae52-4ce0-823b-d3b14fa73f12 HTTP/1.1" 200 243 "https://ubersdr.madpsy.uk/?freq=14185162&mode=usb&bwl=100&bwh=2700&zoom_freq=14180000&zoom_bw=50.0" "Mozilla/5.0 (X11; Ubuntu; Linux x86_64; rv:143.0) Gecko/20100101 Firefox/143.0" 0.050ms
2001:8b0:152b:b88:d053:37e3:af84:a29b - - [11/Oct/2025:21:45:23 +0100] "GET /stats?session_id=fa5e7272-ae52-4ce0-823b-d3b14fa73f12 HTTP/1.1" 200 243 "https://ubersdr.madpsy.uk/?freq=14185162&mode=usb&bwl=100&bwh=2700&zoom_freq=14180000&zoom_bw=50.0" "Mozilla/5.0 (X11; Ubuntu; Linux x86_64; rv:143.0) Gecko/20100101 Firefox/143.0" 0.047ms
2001:8b0:152b:b88:d053:37e3:af84:a29b - - [11/Oct/2025:21:45:33 +0100] "GET /stats?session_id=fa5e7272-ae52-4ce0-823b-d3b14fa73f12 HTTP/1.1" 200 243 "https://ubersdr.madpsy.uk/?freq=14185162&mode=usb&bwl=100&bwh=2700&zoom_freq=14180000&zoom_bw=50.0" "Mozilla/5.0 (X11; Ubuntu; Linux x86_64; rv:143.0) Gecko/20100101 Firefox/143.0" 0.040ms
2001:8b0:152b:b88:d053:37e3:af84:a29b - - [11/Oct/2025:21:45:43 +0100] "GET /stats?session_id=fa5e7272-ae52-4ce0-823b-d3b14fa73f12 HTTP/1.1" 200 243 "https://ubersdr.madpsy.uk/?freq=14185162&mode=usb&bwl=100&bwh=2700&zoom_freq=14180000&zoom_bw=50.0" "Mozilla/5.0 (X11; Ubuntu; Linux x86_64; rv:143.0) Gecko/20100101 Firefox/143.0" 0.058ms
2001:8b0:152b:b88:d053:37e3:af84:a29b - - [11/Oct/2025:21:45:53 +0100] "GET /stats?session_id=fa5e7272-ae52-4ce0-823b-d3b14fa73f12 HTTP/1.1" 200 243 "https://ubersdr.madpsy.uk/?freq=14185162&mode=usb&bwl=100&bwh=2700&zoom_freq=14180000&zoom_bw=50.0" "Mozilla/5.0 (X11; Ubuntu; Linux x86_64; rv:143.0) Gecko/20100101 Firefox/143.0" 0.189ms
2001:8b0:152b:b88:d053:37e3:af84:a29b - - [11/Oct/2025:21:46:03 +0100] "GET /stats?session_id=fa5e7272-ae52-4ce0-823b-d3b14fa73f12 HTTP/1.1" 200 243 "https://ubersdr.madpsy.uk/?freq=14185162&mode=usb&bwl=100&bwh=2700&zoom_freq=14180000&zoom_bw=50.0" "Mozilla/5.0 (X11; Ubuntu; Linux x86_64; rv:143.0) Gecko/20100101 Firefox/143.0" 0.045ms
2001:8b0:152b:b88:d053:37e3:af84:a29b - - [11/Oct/2025:21:46:13 +0100] "GET /stats?session_id=fa5e7272-ae52-4ce0-823b-d3b14fa73f12 HTTP/1.1" 200 243 "https://ubersdr.madpsy.uk/?freq=14185162&mode=usb&bwl=100&bwh=2700&zoom_freq=14180000&zoom_bw=50.0" "Mozilla/5.0 (X11; Ubuntu; Linux x86_64; rv:143.0) Gecko/20100101 Firefox/143.0" 0.052ms
2001:8b0:152b:b88:d053:37e3:af84:a29b - - [11/Oct/2025:21:46:23 +0100] "GET /stats?session_id=fa5e7272-ae52-4ce0-823b-d3b14fa73f12 HTTP/1.1" 200 243 "https://ubersdr.madpsy.uk/?freq=14185162&mode=usb&bwl=100&bwh=2700&zoom_freq=14180000&zoom_bw=50.0" "Mozilla/5.0 (X11; Ubuntu; Linux x86_64; rv:143.0) Gecko/20100101 Firefox/143.0" 0.049ms
82.69.51.135 - - [11/Oct/2025:21:46:25 +0100] "GET /?freq=7140000&mode=lsb&bwl=-2980&bwh=-200&zoom_freq=7140000&zoom_bw=100.0 HTTP/1.1" 200 42516 "-" "Mozilla/5.0 (iPhone; CPU iPhone OS 18_6_2 like Mac OS X) AppleWebKit/605.1.15 (KHTML, like Gecko) Version/18.6 Mobile/15E148 Safari/604.1" 0.307ms
82.69.51.135 - - [11/Oct/2025:21:46:25 +0100] "GET /api/description HTTP/1.1" 200 133 "https://ubersdr.madpsy.uk/?freq=7140000&mode=lsb&bwl=-2980&bwh=-200&zoom_freq=7140000&zoom_bw=100.0" "Mozilla/5.0 (iPhone; CPU iPhone OS 18_6_2 like Mac OS X) AppleWebKit/605.1.15 (KHTML, like Gecko) Version/18.6 Mobile/15E148 Safari/604.1" 0.020ms
82.69.51.135 - - [11/Oct/2025:21:46:25 +0100] "GET /api/bookmarks HTTP/1.1" 200 1312 "https://ubersdr.madpsy.uk/?freq=7140000&mode=lsb&bwl=-2980&bwh=-200&zoom_freq=7140000&zoom_bw=100.0" "Mozilla/5.0 (iPhone; CPU iPhone OS 18_6_2 like Mac OS X) AppleWebKit/605.1.15 (KHTML, like Gecko) Version/18.6 Mobile/15E148 Safari/604.1" 0.024ms
82.69.51.135 - - [11/Oct/2025:21:46:30 +0100] "GET /stats HTTP/1.1" 200 452 "https://ubersdr.madpsy.uk/?freq=7140000&mode=lsb&bwl=-2980&bwh=-200&zoom_freq=7140000&zoom_bw=100.0" "Mozilla/5.0 (iPhone; CPU iPhone OS 18_6_2 like Mac OS X) AppleWebKit/605.1.15 (KHTML, like Gecko) Version/18.6 Mobile/15E148 Safari/604.1" 0.043ms
2001:8b0:152b:b88:d053:37e3:af84:a29b - - [11/Oct/2025:21:46:33 +0100] "GET /stats?session_id=fa5e7272-ae52-4ce0-823b-d3b14fa73f12 HTTP/1.1" 200 452 "https://ubersdr.madpsy.uk/?freq=14185162&mode=usb&bwl=100&bwh=2700&zoom_freq=14180000&zoom_bw=50.0" "Mozilla/5.0 (X11; Ubuntu; Linux x86_64; rv:143.0) Gecko/20100101 Firefox/143.0" 0.059ms
82.69.51.135 - - [11/Oct/2025:21:46:40 +0100] "GET /stats?session_id=e9be14a4-4a59-40c6-9e9d-3e5e7102136a HTTP/1.1" 200 452 "https://ubersdr.madpsy.uk/?freq=7140000&mode=lsb&bwl=-2980&bwh=-200&zoom_freq=7140000&zoom_bw=100.0" "Mozilla/5.0 (iPhone; CPU iPhone OS 18_6_2 like Mac OS X) AppleWebKit/605.1.15 (KHTML, like Gecko) Version/18.6 Mobile/15E148 Safari/604.1" 0.038ms
2001:8b0:152b:b88:d053:37e3:af84:a29b - - [11/Oct/2025:21:46:43 +0100] "GET /stats?session_id=fa5e7272-ae52-4ce0-823b-d3b14fa73f12 HTTP/1.1" 200 452 "https://ubersdr.madpsy.uk/?freq=14185162&mode=usb&bwl=100&bwh=2700&zoom_freq=14180000&zoom_bw=50.0" "Mozilla/5.0 (X11; Ubuntu; Linux x86_64; rv:143.0) Gecko/20100101 Firefox/143.0" 0.066ms
82.69.51.135 - - [11/Oct/2025:21:46:50 +0100] "GET /stats?session_id=e9be14a4-4a59-40c6-9e9d-3e5e7102136a HTTP/1.1" 200 450 "https://ubersdr.madpsy.uk/?freq=14175000&mode=usb&bwl=50&bwh=2700&zoom_freq=14175000&zoom_bw=200.0" "Mozilla/5.0 (iPhone; CPU iPhone OS 18_6_2 like Mac OS X) AppleWebKit/605.1.15 (KHTML, like Gecko) Version/18.6 Mobile/15E148 Safari/604.1" 0.051ms
2001:8b0:152b:b88:d053:37e3:af84:a29b - - [11/Oct/2025:21:46:53 +0100] "GET /stats?session_id=fa5e7272-ae52-4ce0-823b-d3b14fa73f12 HTTP/1.1" 200 450 "https://ubersdr.madpsy.uk/?freq=14185162&mode=usb&bwl=100&bwh=2700&zoom_freq=14180000&zoom_bw=50.0" "Mozilla/5.0 (X11; Ubuntu; Linux x86_64; rv:143.0) Gecko/20100101 Firefox/143.0" 0.047ms
82.69.51.135 - - [11/Oct/2025:21:47:00 +0100] "GET /stats?session_id=e9be14a4-4a59-40c6-9e9d-3e5e7102136a HTTP/1.1" 200 450 "https://ubersdr.madpsy.uk/?freq=14174700&mode=usb&bwl=50&bwh=2700&zoom_freq=14174700&zoom_bw=200.0" "Mozilla/5.0 (iPhone; CPU iPhone OS 18_6_2 like Mac OS X) AppleWebKit/605.1.15 (KHTML, like Gecko) Version/18.6 Mobile/15E148 Safari/604.1" 0.048ms
2001:8b0:152b:b88:d053:37e3:af84:a29b - - [11/Oct/2025:21:47:03 +0100] "GET /stats?session_id=fa5e7272-ae52-4ce0-823b-d3b14fa73f12 HTTP/1.1" 200 450 "https://ubersdr.madpsy.uk/?freq=14185162&mode=usb&bwl=100&bwh=2700&zoom_freq=14180000&zoom_bw=50.0" "Mozilla/5.0 (X11; Ubuntu; Linux x86_64; rv:143.0) Gecko/20100101 Firefox/143.0" 0.061ms
82.69.51.135 - - [11/Oct/2025:21:47:10 +0100] "GET /stats?session_id=e9be14a4-4a59-40c6-9e9d-3e5e7102136a HTTP/1.1" 200 450 "https://ubersdr.madpsy.uk/?freq=14174100&mode=usb&bwl=50&bwh=2700&zoom_freq=14174100&zoom_bw=200.0" "Mozilla/5.0 (iPhone; CPU iPhone OS 18_6_2 like Mac OS X) AppleWebKit/605.1.15 (KHTML, like Gecko) Version/18.6 Mobile/15E148 Safari/604.1" 0.047ms
2001:8b0:152b:b88:d053:37e3:af84:a29b - - [11/Oct/2025:21:47:13 +0100] "GET /stats?session_id=fa5e7272-ae52-4ce0-823b-d3b14fa73f12 HTTP/1.1" 200 450 "https://ubersdr.madpsy.uk/?freq=14185162&mode=usb&bwl=100&bwh=2700&zoom_freq=14180000&zoom_bw=50.0" "Mozilla/5.0 (X11; Ubuntu; Linux x86_64; rv:143.0) Gecko/20100101 Firefox/143.0" 0.295ms
82.69.51.135 - - [11/Oct/2025:21:47:20 +0100] "GET /stats?session_id=e9be14a4-4a59-40c6-9e9d-3e5e7102136a HTTP/1.1" 200 450 "https://ubersdr.madpsy.uk/?freq=14172290&mode=usb&bwl=50&bwh=2700&zoom_freq=14172290&zoom_bw=200.0" "Mozilla/5.0 (iPhone; CPU iPhone OS 18_6_2 like Mac OS X) AppleWebKit/605.1.15 (KHTML, like Gecko) Version/18.6 Mobile/15E148 Safari/604.1" 0.040ms
2001:8b0:152b:b88:d053:37e3:af84:a29b - - [11/Oct/2025:21:47:23 +0100] "GET /stats?session_id=fa5e7272-ae52-4ce0-823b-d3b14fa73f12 HTTP/1.1" 200 450 "https://ubersdr.madpsy.uk/?freq=14185162&mode=usb&bwl=100&bwh=2700&zoom_freq=14180000&zoom_bw=50.0" "Mozilla/5.0 (X11; Ubuntu; Linux x86_64; rv:143.0) Gecko/20100101 Firefox/143.0" 0.053ms
82.69.51.135 - - [11/Oct/2025:21:47:30 +0100] "GET /stats?session_id=e9be14a4-4a59-40c6-9e9d-3e5e7102136a HTTP/1.1" 200 450 "https://ubersdr.madpsy.uk/?freq=14171490&mode=usb&bwl=50&bwh=2700&zoom_freq=14171490&zoom_bw=200.0" "Mozilla/5.0 (iPhone; CPU iPhone OS 18_6_2 like Mac OS X) AppleWebKit/605.1.15 (KHTML, like Gecko) Version/18.6 Mobile/15E148 Safari/604.1" 0.045ms
2001:8b0:152b:b88:d053:37e3:af84:a29b - - [11/Oct/2025:21:47:33 +0100] "GET /stats?session_id=fa5e7272-ae52-4ce0-823b-d3b14fa73f12 HTTP/1.1" 200 450 "https://ubersdr.madpsy.uk/?freq=14185162&mode=usb&bwl=100&bwh=2700&zoom_freq=14180000&zoom_bw=50.0" "Mozilla/5.0 (X11; Ubuntu; Linux x86_64; rv:143.0) Gecko/20100101 Firefox/143.0" 0.070ms
82.69.51.135 - - [11/Oct/2025:21:47:40 +0100] "GET /stats?session_id=e9be14a4-4a59-40c6-9e9d-3e5e7102136a HTTP/1.1" 200 451 "https://ubersdr.madpsy.uk/?freq=7100000&mode=lsb&bwl=-2700&bwh=-50&zoom_freq=7100000&zoom_bw=100.0" "Mozilla/5.0 (iPhone; CPU iPhone OS 18_6_2 like Mac OS X) AppleWebKit/605.1.15 (KHTML, like Gecko) Version/18.6 Mobile/15E148 Safari/604.1" 0.040ms
2001:8b0:152b:b88:d053:37e3:af84:a29b - - [11/Oct/2025:21:47:43 +0100] "GET /stats?session_id=fa5e7272-ae52-4ce0-823b-d3b14fa73f12 HTTP/1.1" 200 451 "https://ubersdr.madpsy.uk/?freq=14185162&mode=usb&bwl=100&bwh=2700&zoom_freq=14180000&zoom_bw=50.0" "Mozilla/5.0 (X11; Ubuntu; Linux x86_64; rv:143.0) Gecko/20100101 Firefox/143.0" 0.049ms
82.69.51.135 - - [11/Oct/2025:21:47:50 +0100] "GET /stats?session_id=e9be14a4-4a59-40c6-9e9d-3e5e7102136a HTTP/1.1" 200 450 "https://ubersdr.madpsy.uk/?freq=7146610&mode=lsb&bwl=-2700&bwh=-50&zoom_freq=7146610&zoom_bw=100.0" "Mozilla/5.0 (iPhone; CPU iPhone OS 18_6_2 like Mac OS X) AppleWebKit/605.1.15 (KHTML, like Gecko) Version/18.6 Mobile/15E148 Safari/604.1" 0.057ms
2001:8b0:152b:b88:d053:37e3:af84:a29b - - [11/Oct/2025:21:47:53 +0100] "GET /stats?session_id=fa5e7272-ae52-4ce0-823b-d3b14fa73f12 HTTP/1.1" 200 450 "https://ubersdr.madpsy.uk/?freq=14185162&mode=usb&bwl=100&bwh=2700&zoom_freq=14180000&zoom_bw=50.0" "Mozilla/5.0 (X11; Ubuntu; Linux x86_64; rv:143.0) Gecko/20100101 Firefox/143.0" 0.058ms
82.69.51.135 - - [11/Oct/2025:21:48:00 +0100] "GET /stats?session_id=e9be14a4-4a59-40c6-9e9d-3e5e7102136a HTTP/1.1" 200 450 "https://ubersdr.madpsy.uk/?freq=7146410&mode=lsb&bwl=-2700&bwh=-50&zoom_freq=7146410&zoom_bw=100.0" "Mozilla/5.0 (iPhone; CPU iPhone OS 18_6_2 like Mac OS X) AppleWebKit/605.1.15 (KHTML, like Gecko) Version/18.6 Mobile/15E148 Safari/604.1" 0.310ms
2001:8b0:152b:b88:d053:37e3:af84:a29b - - [11/Oct/2025:21:48:03 +0100] "GET /stats?session_id=fa5e7272-ae52-4ce0-823b-d3b14fa73f12 HTTP/1.1" 200 450 "https://ubersdr.madpsy.uk/?freq=14185162&mode=usb&bwl=100&bwh=2700&zoom_freq=14180000&zoom_bw=50.0" "Mozilla/5.0 (X11; Ubuntu; Linux x86_64; rv:143.0) Gecko/20100101 Firefox/143.0" 0.056ms
82.69.51.135 - - [11/Oct/2025:21:48:10 +0100] "GET /stats?session_id=e9be14a4-4a59-40c6-9e9d-3e5e7102136a HTTP/1.1" 200 450 "https://ubersdr.madpsy.uk/?freq=7172000&mode=lsb&bwl=-2700&bwh=-50&zoom_freq=7172000&zoom_bw=100.0" "Mozilla/5.0 (iPhone; CPU iPhone OS 18_6_2 like Mac OS X) AppleWebKit/605.1.15 (KHTML, like Gecko) Version/18.6 Mobile/15E148 Safari/604.1" 0.053ms
2001:8b0:152b:b88:d053:37e3:af84:a29b - - [11/Oct/2025:21:48:13 +0100] "GET /stats?session_id=fa5e7272-ae52-4ce0-823b-d3b14fa73f12 HTTP/1.1" 200 450 "https://ubersdr.madpsy.uk/?freq=14185162&mode=usb&bwl=100&bwh=2700&zoom_freq=14180000&zoom_bw=50.0" "Mozilla/5.0 (X11; Ubuntu; Linux x86_64; rv:143.0) Gecko/20100101 Firefox/143.0" 0.058ms
82.69.51.135 - - [11/Oct/2025:21:48:20 +0100] "GET /stats?session_id=e9be14a4-4a59-40c6-9e9d-3e5e7102136a HTTP/1.1" 200 451 "https://ubersdr.madpsy.uk/?freq=7171960&mode=lsb&bwl=-2700&bwh=-50&zoom_freq=7171960&zoom_bw=100.0" "Mozilla/5.0 (iPhone; CPU iPhone OS 18_6_2 like Mac OS X) AppleWebKit/605.1.15 (KHTML, like Gecko) Version/18.6 Mobile/15E148 Safari/604.1" 0.041ms
2001:8b0:152b:b88:d053:37e3:af84:a29b - - [11/Oct/2025:21:48:23 +0100] "GET /stats?session_id=fa5e7272-ae52-4ce0-823b-d3b14fa73f12 HTTP/1.1" 200 451 "https://ubersdr.madpsy.uk/?freq=14185162&mode=usb&bwl=100&bwh=2700&zoom_freq=14180000&zoom_bw=50.0" "Mozilla/5.0 (X11; Ubuntu; Linux x86_64; rv:143.0) Gecko/20100101 Firefox/143.0" 0.054ms
82.69.51.135 - - [11/Oct/2025:21:48:30 +0100] "GET /stats?session_id=e9be14a4-4a59-40c6-9e9d-3e5e7102136a HTTP/1.1" 200 451 "https://ubersdr.madpsy.uk/?freq=7171960&mode=lsb&bwl=-2700&bwh=-50&zoom_freq=7171960&zoom_bw=100.0" "Mozilla/5.0 (iPhone; CPU iPhone OS 18_6_2 like Mac OS X) AppleWebKit/605.1.15 (KHTML, like Gecko) Version/18.6 Mobile/15E148 Safari/604.1" 0.046ms
2001:8b0:152b:b88:d053:37e3:af84:a29b - - [11/Oct/2025:21:48:33 +0100] "GET /stats?session_id=fa5e7272-ae52-4ce0-823b-d3b14fa73f12 HTTP/1.1" 200 451 "https://ubersdr.madpsy.uk/?freq=14185162&mode=usb&bwl=100&bwh=2700&zoom_freq=14180000&zoom_bw=50.0" "Mozilla/5.0 (X11; Ubuntu; Linux x86_64; rv:143.0) Gecko/20100101 Firefox/143.0" 0.113ms
82.69.51.135 - - [11/Oct/2025:21:48:40 +0100] "GET /stats?session_id=e9be14a4-4a59-40c6-9e9d-3e5e7102136a HTTP/1.1" 200 451 "https://ubersdr.madpsy.uk/?freq=7171960&mode=lsb&bwl=-2700&bwh=-50&zoom_freq=7171960&zoom_bw=100.0" "Mozilla/5.0 (iPhone; CPU iPhone OS 18_6_2 like Mac OS X) AppleWebKit/605.1.15 (KHTML, like Gecko) Version/18.6 Mobile/15E148 Safari/604.1" 0.045ms
2001:8b0:152b:b88:d053:37e3:af84:a29b - - [11/Oct/2025:21:48:43 +0100] "GET /stats?session_id=fa5e7272-ae52-4ce0-823b-d3b14fa73f12 HTTP/1.1" 200 451 "https://ubersdr.madpsy.uk/?freq=14185162&mode=usb&bwl=100&bwh=2700&zoom_freq=14180000&zoom_bw=50.0" "Mozilla/5.0 (X11; Ubuntu; Linux x86_64; rv:143.0) Gecko/20100101 Firefox/143.0" 0.036ms
82.69.51.135 - - [11/Oct/2025:21:48:50 +0100] "GET /stats?session_id=e9be14a4-4a59-40c6-9e9d-3e5e7102136a HTTP/1.1" 200 451 "https://ubersdr.madpsy.uk/?freq=7171960&mode=lsb&bwl=-2700&bwh=-50&zoom_freq=7171960&zoom_bw=100.0" "Mozilla/5.0 (iPhone; CPU iPhone OS 18_6_2 like Mac OS X) AppleWebKit/605.1.15 (KHTML, like Gecko) Version/18.6 Mobile/15E148 Safari/604.1" 0.049ms
2001:8b0:152b:b88:d053:37e3:af84:a29b - - [11/Oct/2025:21:48:53 +0100] "GET /stats?session_id=fa5e7272-ae52-4ce0-823b-d3b14fa73f12 HTTP/1.1" 200 451 "https://ubersdr.madpsy.uk/?freq=14185162&mode=usb&bwl=100&bwh=2700&zoom_freq=14180000&zoom_bw=50.0" "Mozilla/5.0 (X11; Ubuntu; Linux x86_64; rv:143.0) Gecko/20100101 Firefox/143.0" 0.080ms
82.69.51.135 - - [11/Oct/2025:21:49:00 +0100] "GET /stats?session_id=e9be14a4-4a59-40c6-9e9d-3e5e7102136a HTTP/1.1" 200 451 "https://ubersdr.madpsy.uk/?freq=7171960&mode=lsb&bwl=-2700&bwh=-50&zoom_freq=7171960&zoom_bw=100.0" "Mozilla/5.0 (iPhone; CPU iPhone OS 18_6_2 like Mac OS X) AppleWebKit/605.1.15 (KHTML, like Gecko) Version/18.6 Mobile/15E148 Safari/604.1" 0.071ms
2001:8b0:152b:b88:d053:37e3:af84:a29b - - [11/Oct/2025:21:49:03 +0100] "GET /stats?session_id=fa5e7272-ae52-4ce0-823b-d3b14fa73f12 HTTP/1.1" 200 451 "https://ubersdr.madpsy.uk/?freq=14185162&mode=usb&bwl=100&bwh=2700&zoom_freq=14180000&zoom_bw=50.0" "Mozilla/5.0 (X11; Ubuntu; Linux x86_64; rv:143.0) Gecko/20100101 Firefox/143.0" 0.057ms
82.69.51.135 - - [11/Oct/2025:21:49:10 +0100] "GET /stats?session_id=e9be14a4-4a59-40c6-9e9d-3e5e7102136a HTTP/1.1" 200 451 "https://ubersdr.madpsy.uk/?freq=7171960&mode=lsb&bwl=-2700&bwh=-50&zoom_freq=7171960&zoom_bw=100.0" "Mozilla/5.0 (iPhone; CPU iPhone OS 18_6_2 like Mac OS X) AppleWebKit/605.1.15 (KHTML, like Gecko) Version/18.6 Mobile/15E148 Safari/604.1" 0.076ms
2001:8b0:152b:b88:d053:37e3:af84:a29b - - [11/Oct/2025:21:49:13 +0100] "GET /stats?session_id=fa5e7272-ae52-4ce0-823b-d3b14fa73f12 HTTP/1.1" 200 451 "https://ubersdr.madpsy.uk/?freq=14185162&mode=usb&bwl=100&bwh=2700&zoom_freq=14180000&zoom_bw=50.0" "Mozilla/5.0 (X11; Ubuntu; Linux x86_64; rv:143.0) Gecko/20100101 Firefox/143.0" 0.095ms
82.69.51.135 - - [11/Oct/2025:21:49:20 +0100] "GET /stats?session_id=e9be14a4-4a59-40c6-9e9d-3e5e7102136a HTTP/1.1" 200 450 "https://ubersdr.madpsy.uk/?freq=7171960&mode=lsb&bwl=-2700&bwh=-50&zoom_freq=7171960&zoom_bw=100.0" "Mozilla/5.0 (iPhone; CPU iPhone OS 18_6_2 like Mac OS X) AppleWebKit/605.1.15 (KHTML, like Gecko) Version/18.6 Mobile/15E148 Safari/604.1" 0.054ms
2001:8b0:152b:b88:d053:37e3:af84:a29b - - [11/Oct/2025:21:49:23 +0100] "GET /stats?session_id=fa5e7272-ae52-4ce0-823b-d3b14fa73f12 HTTP/1.1" 200 450 "https://ubersdr.madpsy.uk/?freq=14185162&mode=usb&bwl=100&bwh=2700&zoom_freq=14180000&zoom_bw=50.0" "Mozilla/5.0 (X11; Ubuntu; Linux x86_64; rv:143.0) Gecko/20100101 Firefox/143.0" 0.055ms
82.69.51.135 - - [11/Oct/2025:21:49:30 +0100] "GET /stats?session_id=e9be14a4-4a59-40c6-9e9d-3e5e7102136a HTTP/1.1" 200 450 "https://ubersdr.madpsy.uk/?freq=7171960&mode=lsb&bwl=-2700&bwh=-50&zoom_freq=7171960&zoom_bw=100.0" "Mozilla/5.0 (iPhone; CPU iPhone OS 18_6_2 like Mac OS X) AppleWebKit/605.1.15 (KHTML, like Gecko) Version/18.6 Mobile/15E148 Safari/604.1" 0.044ms
2001:8b0:152b:b88:d053:37e3:af84:a29b - - [11/Oct/2025:21:49:33 +0100] "GET /stats?session_id=fa5e7272-ae52-4ce0-823b-d3b14fa73f12 HTTP/1.1" 200 450 "https://ubersdr.madpsy.uk/?freq=14185162&mode=usb&bwl=100&bwh=2700&zoom_freq=14180000&zoom_bw=50.0" "Mozilla/5.0 (X11; Ubuntu; Linux x86_64; rv:143.0) Gecko/20100101 Firefox/143.0" 0.054ms
82.69.51.135 - - [11/Oct/2025:21:49:40 +0100] "GET /stats?session_id=e9be14a4-4a59-40c6-9e9d-3e5e7102136a HTTP/1.1" 200 450 "https://ubersdr.madpsy.uk/?freq=7171960&mode=lsb&bwl=-2700&bwh=-50&zoom_freq=7171960&zoom_bw=100.0" "Mozilla/5.0 (iPhone; CPU iPhone OS 18_6_2 like Mac OS X) AppleWebKit/605.1.15 (KHTML, like Gecko) Version/18.6 Mobile/15E148 Safari/604.1" 0.052ms
2001:8b0:152b:b88:d053:37e3:af84:a29b - - [11/Oct/2025:21:49:43 +0100] "GET /stats?session_id=fa5e7272-ae52-4ce0-823b-d3b14fa73f12 HTTP/1.1" 200 450 "https://ubersdr.madpsy.uk/?freq=14185162&mode=usb&bwl=100&bwh=2700&zoom_freq=14180000&zoom_bw=50.0" "Mozilla/5.0 (X11; Ubuntu; Linux x86_64; rv:143.0) Gecko/20100101 Firefox/143.0" 0.050ms
82.69.51.135 - - [11/Oct/2025:21:49:50 +0100] "GET /stats?session_id=e9be14a4-4a59-40c6-9e9d-3e5e7102136a HTTP/1.1" 200 450 "https://ubersdr.madpsy.uk/?freq=7171960&mode=lsb&bwl=-2700&bwh=-50&zoom_freq=7171960&zoom_bw=100.0" "Mozilla/5.0 (iPhone; CPU iPhone OS 18_6_2 like Mac OS X) AppleWebKit/605.1.15 (KHTML, like Gecko) Version/18.6 Mobile/15E148 Safari/604.1" 0.041ms
2001:8b0:152b:b88:d053:37e3:af84:a29b - - [11/Oct/2025:21:49:53 +0100] "GET /stats?session_id=fa5e7272-ae52-4ce0-823b-d3b14fa73f12 HTTP/1.1" 200 450 "https://ubersdr.madpsy.uk/?freq=14185162&mode=usb&bwl=100&bwh=2700&zoom_freq=14180000&zoom_bw=50.0" "Mozilla/5.0 (X11; Ubuntu; Linux x86_64; rv:143.0) Gecko/20100101 Firefox/143.0" 0.043ms
82.69.51.135 - - [11/Oct/2025:21:50:00 +0100] "GET /stats?session_id=e9be14a4-4a59-40c6-9e9d-3e5e7102136a HTTP/1.1" 200 450 "https://ubersdr.madpsy.uk/?freq=7147796&mode=lsb&bwl=-2700&bwh=-50&zoom_freq=7171960&zoom_bw=100.0" "Mozilla/5.0 (iPhone; CPU iPhone OS 18_6_2 like Mac OS X) AppleWebKit/605.1.15 (KHTML, like Gecko) Version/18.6 Mobile/15E148 Safari/604.1" 0.057ms
2001:8b0:152b:b88:d053:37e3:af84:a29b - - [11/Oct/2025:21:50:03 +0100] "GET /stats?session_id=fa5e7272-ae52-4ce0-823b-d3b14fa73f12 HTTP/1.1" 200 450 "https://ubersdr.madpsy.uk/?freq=14185162&mode=usb&bwl=100&bwh=2700&zoom_freq=14180000&zoom_bw=50.0" "Mozilla/5.0 (X11; Ubuntu; Linux x86_64; rv:143.0) Gecko/20100101 Firefox/143.0" 0.054ms
82.69.51.135 - - [11/Oct/2025:21:50:10 +0100] "GET /stats?session_id=e9be14a4-4a59-40c6-9e9d-3e5e7102136a HTTP/1.1" 200 450 "https://ubersdr.madpsy.uk/?freq=7147796&mode=lsb&bwl=-2700&bwh=-50&zoom_freq=7171960&zoom_bw=100.0" "Mozilla/5.0 (iPhone; CPU iPhone OS 18_6_2 like Mac OS X) AppleWebKit/605.1.15 (KHTML, like Gecko) Version/18.6 Mobile/15E148 Safari/604.1" 0.054ms
2001:8b0:152b:b88:d053:37e3:af84:a29b - - [11/Oct/2025:21:50:13 +0100] "GET /stats?session_id=fa5e7272-ae52-4ce0-823b-d3b14fa73f12 HTTP/1.1" 200 450 "https://ubersdr.madpsy.uk/?freq=14185162&mode=usb&bwl=100&bwh=2700&zoom_freq=14180000&zoom_bw=50.0" "Mozilla/5.0 (X11; Ubuntu; Linux x86_64; rv:143.0) Gecko/20100101 Firefox/143.0" 0.040ms
82.69.51.135 - - [11/Oct/2025:21:50:20 +0100] "GET /stats?session_id=e9be14a4-4a59-40c6-9e9d-3e5e7102136a HTTP/1.1" 200 451 "https://ubersdr.madpsy.uk/?freq=7147796&mode=lsb&bwl=-2700&bwh=-50&zoom_freq=7171960&zoom_bw=100.0" "Mozilla/5.0 (iPhone; CPU iPhone OS 18_6_2 like Mac OS X) AppleWebKit/605.1.15 (KHTML, like Gecko) Version/18.6 Mobile/15E148 Safari/604.1" 0.053ms
2001:8b0:152b:b88:d053:37e3:af84:a29b - - [11/Oct/2025:21:50:23 +0100] "GET /stats?session_id=fa5e7272-ae52-4ce0-823b-d3b14fa73f12 HTTP/1.1" 200 451 "https://ubersdr.madpsy.uk/?freq=14185162&mode=usb&bwl=100&bwh=2700&zoom_freq=14180000&zoom_bw=50.0" "Mozilla/5.0 (X11; Ubuntu; Linux x86_64; rv:143.0) Gecko/20100101 Firefox/143.0" 0.238ms
82.69.51.135 - - [11/Oct/2025:21:50:30 +0100] "GET /stats?session_id=e9be14a4-4a59-40c6-9e9d-3e5e7102136a HTTP/1.1" 200 451 "https://ubersdr.madpsy.uk/?freq=7147730&mode=lsb&bwl=-2700&bwh=-50&zoom_freq=7147730&zoom_bw=100.0" "Mozilla/5.0 (iPhone; CPU iPhone OS 18_6_2 like Mac OS X) AppleWebKit/605.1.15 (KHTML, like Gecko) Version/18.6 Mobile/15E148 Safari/604.1" 0.066ms
