10:24:47 INFO    Logging detections to live-test.jsonl
10:24:47 INFO    Seeded 6 targets from snapshot
10:24:47 INFO    Voice activity stream connected
10:24:47 INFO    Session registered from 192.168.9.108 (bypassed=True, max_session_time=unlimited)
10:24:47 INFO    Audio session live: lsb @ 7.160 MHz (uuid 47c47fcf-f440-4962-9439-45bfc9b758ec, muted)
10:24:47 INFO    DX cluster socket open
10:24:52 INFO    Whisper attached (2026-07-28T09:24:47Z)
10:24:52 INFO    → 40m 7.160 MHz LSB (SNR 24.0 dB, conf 0.81) [DX spot: SQ5GLB/2]
10:24:52 DEBUG   Control ack: reset_transcript
10:25:02 ERROR   Whisper error: Connection failed: server error: Unauthorized
10:25:37 INFO    → 40m 7.169 MHz LSB (SNR 25.6 dB, conf 0.83)
10:25:37 DEBUG   Control ack: reset_transcript
10:26:22 INFO    → 20m 14.282 MHz USB (SNR 27.9 dB, conf 0.83)
10:26:22 DEBUG   Control ack: reset_transcript
10:26:31 INFO    Interrupted
10:26:31 INFO    Interrupted
10:26:32 INFO    Shutting down
10:26:32 INFO    Draining the transcription pipeline (4s)
10:26:36 INFO    Whisper detached
10:26:36 INFO    DX WS closed (None)

====================================================================
Scan summary
====================================================================
  Dwells:               3
  Segments transcribed: 0
  Candidates extracted: 0
  Dropped (malformed):  0
  Validated by QRZ:     0
  Rejected by QRZ:      0
  Matched a DX spot:    0
  Spanned a hop:        0
  Lookups: 0 sent, 0 cached, 0 prefiltered, 0 failed

No callsigns confirmed.

10:26:36 INFO    Audio WS closed (None)
